../Core/Src/freertos.c:141:6:MX_FREERTOS_Init	8	static
../Core/Src/freertos.c:210:6:StartDefaultTask	16	static
../Core/Src/freertos.c:227:6:Task2_init	16	static
../Core/Src/freertos.c:243:6:Task_1khz_init	16	static
../Core/Src/freertos.c:252:6:Task_100Hz_init	16	static
../Core/Src/freertos.c:263:6:Task_50Hz_init	16	static
../Core/Src/freertos.c:271:6:Task_1000Hz_init	16	static
../Core/Src/freertos.c:281:6:InitTask	16	static
../Core/Src/freertos.c:312:6:LedTask	24	static
../Core/Src/freertos.c:328:6:AircraftLightsTask	16	static
