../Drivers/STM32H7xx_HAL_Driver/Inc/stm32h7xx_ll_usart.h:2950:26:LL_USART_IsActiveFlag_FE	16	static
../Drivers/STM32H7xx_HAL_Driver/Inc/stm32h7xx_ll_usart.h:2972:26:LL_USART_IsActiveFlag_ORE	16	static
../Drivers/STM32H7xx_HAL_Driver/Inc/stm32h7xx_ll_usart.h:3009:26:LL_USART_IsActiveFlag_TC	16	static
../Drivers/STM32H7xx_HAL_Driver/Inc/stm32h7xx_ll_usart.h:3024:26:LL_USART_IsActiveFlag_TXE_TXFNF	16	static
../Drivers/STM32H7xx_HAL_Driver/Inc/stm32h7xx_ll_usart.h:3290:22:LL_USART_ClearFlag_FE	16	static
../Drivers/STM32H7xx_HAL_Driver/Inc/stm32h7xx_ll_usart.h:3312:22:LL_USART_ClearFlag_ORE	16	static
../Drivers/STM32H7xx_HAL_Driver/Inc/stm32h7xx_ll_usart.h:3479:22:LL_USART_EnableIT_RXNE_RXFNE	40	static,ignoring_inline_asm
../Drivers/STM32H7xx_HAL_Driver/Inc/stm32h7xx_ll_usart.h:4275:22:LL_USART_TransmitData8	16	static
../Core/Src/main.c:48:5:_write	32	static
../Core/Src/main.c:154:5:main	24	static
../Core/Src/main.c:299:6:SystemClock_Config	120	static
../Core/Src/main.c:355:6:send_deftask	8	static
../Core/Src/main.c:361:6:send_task2	4	static
../Core/Src/main.c:366:6:send_task3	8	static
../Core/Src/main.c:371:6:run_imu	56	static
../Core/Src/main.c:386:6:run_mag	40	static
../Core/Src/main.c:399:6:sensor_init	16	static
../Core/Src/main.c:419:6:system_startup	8	static
../Core/Src/main.c:447:6:eeprom_startup	368	static
../Core/Src/main.c:575:5:Is_iBus_Throttle_Min	8	static
../Core/Src/main.c:587:6:mixer_run	8	static
../Core/Src/main.c:651:6:FSiA6B_Print	56	static
../Core/Src/main.c:656:6:FailSafe_1000Hz	4	static
../Core/Src/main.c:664:5:Is_iBus_Throttle_Armed	8	static
../Core/Src/main.c:676:6:ESC_Calibration	16	static
../Core/Src/main.c:692:5:Is_iBus_Received	8	static
../Core/Src/main.c:703:6:HAL_UART_RxCpltCallback	16	static
../Core/Src/main.c:713:6:MPU_Config	24	static
../Core/Src/main.c:748:6:HAL_TIM_PeriodElapsedCallback	16	static
../Core/Src/main.c:766:6:Error_Handler	4	static,ignoring_inline_asm
