../Drivers/STM32H7xx_HAL_Driver/Inc/stm32h7xx_ll_usart.h:2950:26:LL_USART_IsActiveFlag_FE	16	static
../Drivers/STM32H7xx_HAL_Driver/Inc/stm32h7xx_ll_usart.h:2972:26:LL_USART_IsActiveFlag_ORE	16	static
../Drivers/STM32H7xx_HAL_Driver/Inc/stm32h7xx_ll_usart.h:3009:26:LL_USART_IsActiveFlag_TC	16	static
../Drivers/STM32H7xx_HAL_Driver/Inc/stm32h7xx_ll_usart.h:3024:26:LL_USART_IsActiveFlag_TXE_TXFNF	16	static
../Drivers/STM32H7xx_HAL_Driver/Inc/stm32h7xx_ll_usart.h:3290:22:LL_USART_ClearFlag_FE	16	static
../Drivers/STM32H7xx_HAL_Driver/Inc/stm32h7xx_ll_usart.h:3312:22:LL_USART_ClearFlag_ORE	16	static
../Drivers/STM32H7xx_HAL_Driver/Inc/stm32h7xx_ll_usart.h:3479:22:LL_USART_EnableIT_RXNE_RXFNE	40	static,ignoring_inline_asm
../Drivers/STM32H7xx_HAL_Driver/Inc/stm32h7xx_ll_usart.h:4275:22:LL_USART_TransmitData8	16	static
../Core/Src/main.c:44:5:_write	32	static
../Core/Src/main.c:109:5:main	16	static
../Core/Src/main.c:193:6:SystemClock_Config	120	static
../Core/Src/main.c:249:6:send_deftask	8	static
../Core/Src/main.c:255:6:send_task2	4	static
../Core/Src/main.c:260:6:send_task3	8	static
../Core/Src/main.c:265:6:run_imu	56	static
../Core/Src/main.c:280:6:run_mag	40	static
../Core/Src/main.c:293:6:sensor_init	16	static
../Core/Src/main.c:313:6:MPU_Config	24	static
../Core/Src/main.c:348:6:HAL_TIM_PeriodElapsedCallback	16	static
../Core/Src/main.c:366:6:Error_Handler	4	static,ignoring_inline_asm
