../Drivers/STM32H7xx_HAL_Driver/Inc/stm32h7xx_ll_usart.h:2950:26:LL_USART_IsActiveFlag_FE	2
../Drivers/STM32H7xx_HAL_Driver/Inc/stm32h7xx_ll_usart.h:2972:26:LL_USART_IsActiveFlag_ORE	2
../Drivers/STM32H7xx_HAL_Driver/Inc/stm32h7xx_ll_usart.h:3009:26:LL_USART_IsActiveFlag_TC	2
../Drivers/STM32H7xx_HAL_Driver/Inc/stm32h7xx_ll_usart.h:3024:26:LL_USART_IsActiveFlag_TXE_TXFNF	2
../Drivers/STM32H7xx_HAL_Driver/Inc/stm32h7xx_ll_usart.h:3290:22:LL_USART_ClearFlag_FE	1
../Drivers/STM32H7xx_HAL_Driver/Inc/stm32h7xx_ll_usart.h:3312:22:LL_USART_ClearFlag_ORE	1
../Drivers/STM32H7xx_HAL_Driver/Inc/stm32h7xx_ll_usart.h:3479:22:LL_USART_EnableIT_RXNE_RXFNE	2
../Drivers/STM32H7xx_HAL_Driver/Inc/stm32h7xx_ll_usart.h:4275:22:LL_USART_TransmitData8	1
../Core/Src/main.c:44:5:_write	6
../Core/Src/main.c:109:5:main	1
../Core/Src/main.c:193:6:SystemClock_Config	4
../Core/Src/main.c:249:6:send_deftask	1
../Core/Src/main.c:255:6:send_task2	1
../Core/Src/main.c:260:6:send_task3	1
../Core/Src/main.c:265:6:run_imu	2
../Core/Src/main.c:280:6:run_mag	2
../Core/Src/main.c:293:6:sensor_init	1
../Core/Src/main.c:313:6:MPU_Config	1
../Core/Src/main.c:348:6:HAL_TIM_PeriodElapsedCallback	2
../Core/Src/main.c:366:6:Error_Handler	1
