../Drivers/STM32H7xx_HAL_Driver/Inc/stm32h7xx_ll_usart.h:2950:26:LL_USART_IsActiveFlag_FE	16	static
../Drivers/STM32H7xx_HAL_Driver/Inc/stm32h7xx_ll_usart.h:2961:26:LL_USART_IsActiveFlag_NE	16	static
../Drivers/STM32H7xx_HAL_Driver/Inc/stm32h7xx_ll_usart.h:2972:26:LL_USART_IsActiveFlag_ORE	16	static
../Drivers/STM32H7xx_HAL_Driver/Inc/stm32h7xx_ll_usart.h:2998:26:LL_USART_IsActiveFlag_RXNE_RXFNE	16	static
../Drivers/STM32H7xx_HAL_Driver/Inc/stm32h7xx_ll_usart.h:3290:22:LL_USART_ClearFlag_FE	16	static
../Drivers/STM32H7xx_HAL_Driver/Inc/stm32h7xx_ll_usart.h:3301:22:LL_USART_ClearFlag_NE	16	static
../Drivers/STM32H7xx_HAL_Driver/Inc/stm32h7xx_ll_usart.h:3312:22:LL_USART_ClearFlag_ORE	16	static
../Drivers/STM32H7xx_HAL_Driver/Inc/stm32h7xx_ll_usart.h:4252:25:LL_USART_ReceiveData8	16	static
../Core/Src/stm32h7xx_it.c:100:6:NMI_Handler	4	static
../Core/Src/stm32h7xx_it.c:115:6:HardFault_Handler	4	static
../Core/Src/stm32h7xx_it.c:130:6:MemManage_Handler	4	static
../Core/Src/stm32h7xx_it.c:145:6:BusFault_Handler	4	static
../Core/Src/stm32h7xx_it.c:160:6:UsageFault_Handler	4	static
../Core/Src/stm32h7xx_it.c:175:6:DebugMon_Handler	4	static
../Core/Src/stm32h7xx_it.c:195:6:DMA1_Stream0_IRQHandler	8	static
../Core/Src/stm32h7xx_it.c:209:6:DMA1_Stream1_IRQHandler	8	static
../Core/Src/stm32h7xx_it.c:223:6:DMA1_Stream2_IRQHandler	8	static
../Core/Src/stm32h7xx_it.c:237:6:DMA1_Stream3_IRQHandler	8	static
../Core/Src/stm32h7xx_it.c:251:6:DMA1_Stream4_IRQHandler	8	static
../Core/Src/stm32h7xx_it.c:265:6:DMA1_Stream5_IRQHandler	8	static
../Core/Src/stm32h7xx_it.c:279:6:DMA1_Stream6_IRQHandler	8	static
../Core/Src/stm32h7xx_it.c:293:6:TIM1_UP_IRQHandler	8	static
../Core/Src/stm32h7xx_it.c:307:6:TIM3_IRQHandler	8	static
../Core/Src/stm32h7xx_it.c:321:6:I2C1_EV_IRQHandler	8	static
../Core/Src/stm32h7xx_it.c:335:6:I2C1_ER_IRQHandler	8	static
../Core/Src/stm32h7xx_it.c:349:6:I2C2_EV_IRQHandler	8	static
../Core/Src/stm32h7xx_it.c:363:6:I2C2_ER_IRQHandler	8	static
../Core/Src/stm32h7xx_it.c:377:6:DMA1_Stream7_IRQHandler	8	static
../Core/Src/stm32h7xx_it.c:391:6:SPI3_IRQHandler	8	static
../Core/Src/stm32h7xx_it.c:405:6:UART4_IRQHandler	8	static
../Core/Src/stm32h7xx_it.c:482:6:USART6_IRQHandler	8	static
../Core/Src/stm32h7xx_it.c:504:6:UART7_IRQHandler	8	static
../Core/Src/stm32h7xx_it.c:517:6:HAL_TIM_PWM_PulseFinishedCallback	24	static,ignoring_inline_asm
