../Core/ICM42688P/icm42688p.c:10:13:CS_Low	8	static
../Core/ICM42688P/icm42688p.c:13:13:CS_High	8	static
../Core/ICM42688P/icm42688p.c:18:6:HAL_SPI_TxRxCpltCallback	24	static,ignoring_inline_asm
../Core/ICM42688P/icm42688p.c:27:16:SPI_RW	24	static
../Core/ICM42688P/icm42688p.c:39:13:ReadMulti	32	static
../Core/ICM42688P/icm42688p.c:58:13:WriteReg	16	static
../Core/ICM42688P/icm42688p.c:66:16:ReadReg	24	static
../Core/ICM42688P/icm42688p.c:75:13:SelectBank	16	static
../Core/ICM42688P/icm42688p.c:80:6:ICM42688P_DeviceReset	16	static
../Core/ICM42688P/icm42688p.c:86:6:ICM42688P_Init	24	static
../Core/ICM42688P/icm42688p.c:115:6:ICM42688P_ReadData	48	static
